  Figure.cpp
C:\Users\123\source\repos\ProjectDLL3\Dlldynamik\Figure.h(11,17): warning C4251: 'Figure::name': 'std::basic_string<char,std::char_traits<char>,std::allocator<char>>' needs to have dll-interface to be used by clients of 'Figure'
  (compiling source file 'Figure.cpp')
      C:\Program Files\Microsoft Visual Studio\18\Community\VC\Tools\MSVC\14.51.36231\include\xstring(589,7):
      see declaration of 'std::basic_string<char,std::char_traits<char>,std::allocator<char>>'
  
  Quadrangle.cpp
C:\Users\123\source\repos\ProjectDLL3\Dlldynamik\Figure.h(11,17): warning C4251: 'Figure::name': 'std::basic_string<char,std::char_traits<char>,std::allocator<char>>' needs to have dll-interface to be used by clients of 'Figure'
  (compiling source file 'Quadrangle.cpp')
      C:\Program Files\Microsoft Visual Studio\18\Community\VC\Tools\MSVC\14.51.36231\include\xstring(589,7):
      see declaration of 'std::basic_string<char,std::char_traits<char>,std::allocator<char>>'
  
  Triangle.cpp
C:\Users\123\source\repos\ProjectDLL3\Dlldynamik\Figure.h(11,17): warning C4251: 'Figure::name': 'std::basic_string<char,std::char_traits<char>,std::allocator<char>>' needs to have dll-interface to be used by clients of 'Figure'
  (compiling source file 'Triangle.cpp')
      C:\Program Files\Microsoft Visual Studio\18\Community\VC\Tools\MSVC\14.51.36231\include\xstring(589,7):
      see declaration of 'std::basic_string<char,std::char_traits<char>,std::allocator<char>>'
  
  equilateral_triangle.cpp
C:\Users\123\source\repos\ProjectDLL3\Dlldynamik\Figure.h(11,17): warning C4251: 'Figure::name': 'std::basic_string<char,std::char_traits<char>,std::allocator<char>>' needs to have dll-interface to be used by clients of 'Figure'
  (compiling source file 'equilateral_triangle.cpp')
      C:\Program Files\Microsoft Visual Studio\18\Community\VC\Tools\MSVC\14.51.36231\include\xstring(589,7):
      see declaration of 'std::basic_string<char,std::char_traits<char>,std::allocator<char>>'
  
  isosceles_triangle.cpp
C:\Users\123\source\repos\ProjectDLL3\Dlldynamik\Figure.h(11,17): warning C4251: 'Figure::name': 'std::basic_string<char,std::char_traits<char>,std::allocator<char>>' needs to have dll-interface to be used by clients of 'Figure'
  (compiling source file 'isosceles_triangle.cpp')
      C:\Program Files\Microsoft Visual Studio\18\Community\VC\Tools\MSVC\14.51.36231\include\xstring(589,7):
      see declaration of 'std::basic_string<char,std::char_traits<char>,std::allocator<char>>'
  
  parallelogram.cpp
C:\Users\123\source\repos\ProjectDLL3\Dlldynamik\Figure.h(11,17): warning C4251: 'Figure::name': 'std::basic_string<char,std::char_traits<char>,std::allocator<char>>' needs to have dll-interface to be used by clients of 'Figure'
  (compiling source file 'parallelogram.cpp')
      C:\Program Files\Microsoft Visual Studio\18\Community\VC\Tools\MSVC\14.51.36231\include\xstring(589,7):
      see declaration of 'std::basic_string<char,std::char_traits<char>,std::allocator<char>>'
  
  rectangle.cpp
C:\Users\123\source\repos\ProjectDLL3\Dlldynamik\Figure.h(11,17): warning C4251: 'Figure::name': 'std::basic_string<char,std::char_traits<char>,std::allocator<char>>' needs to have dll-interface to be used by clients of 'Figure'
  (compiling source file 'rectangle.cpp')
      C:\Program Files\Microsoft Visual Studio\18\Community\VC\Tools\MSVC\14.51.36231\include\xstring(589,7):
      see declaration of 'std::basic_string<char,std::char_traits<char>,std::allocator<char>>'
  
  rhombus.cpp
C:\Users\123\source\repos\ProjectDLL3\Dlldynamik\Figure.h(11,17): warning C4251: 'Figure::name': 'std::basic_string<char,std::char_traits<char>,std::allocator<char>>' needs to have dll-interface to be used by clients of 'Figure'
  (compiling source file 'rhombus.cpp')
      C:\Program Files\Microsoft Visual Studio\18\Community\VC\Tools\MSVC\14.51.36231\include\xstring(589,7):
      see declaration of 'std::basic_string<char,std::char_traits<char>,std::allocator<char>>'
  
  right_triangle.cpp
C:\Users\123\source\repos\ProjectDLL3\Dlldynamik\Figure.h(11,17): warning C4251: 'Figure::name': 'std::basic_string<char,std::char_traits<char>,std::allocator<char>>' needs to have dll-interface to be used by clients of 'Figure'
  (compiling source file 'right_triangle.cpp')
      C:\Program Files\Microsoft Visual Studio\18\Community\VC\Tools\MSVC\14.51.36231\include\xstring(589,7):
      see declaration of 'std::basic_string<char,std::char_traits<char>,std::allocator<char>>'
  
  square.cpp
C:\Users\123\source\repos\ProjectDLL3\Dlldynamik\Figure.h(11,17): warning C4251: 'Figure::name': 'std::basic_string<char,std::char_traits<char>,std::allocator<char>>' needs to have dll-interface to be used by clients of 'Figure'
  (compiling source file 'square.cpp')
      C:\Program Files\Microsoft Visual Studio\18\Community\VC\Tools\MSVC\14.51.36231\include\xstring(589,7):
      see declaration of 'std::basic_string<char,std::char_traits<char>,std::allocator<char>>'
  
  Generating Code...
  Dlldynamik.vcxproj -> C:\Users\123\source\repos\ProjectDLL3\Project1\x64\Debug\Dlldynamik.dll
